Last login: Thu Mar 16 11:50:43 on ttys000
Ribs-MacBook-Pro:~ ribribble$ cd desktop
Ribs-MacBook-Pro:desktop ribribble$ mkdir DojoAssignments
Ribs-MacBook-Pro:desktop ribribble$ ls
Assignments			dojo_arena_photos-master
CARREER				survey
DojoAssignments
Ribs-MacBook-Pro:desktop ribribble$ mkdir WebFundamentals
Ribs-MacBook-Pro:desktop ribribble$ ls
Assignments			WebFundamentals
CARREER				dojo_arena_photos-master
DojoAssignments			survey
Ribs-MacBook-Pro:desktop ribribble$ mkdir Python
Ribs-MacBook-Pro:desktop ribribble$ mkdir MEAN
Ribs-MacBook-Pro:desktop ribribble$ mkdir Ruby
Ribs-MacBook-Pro:desktop ribribble$ mkdir iOS
Ribs-MacBook-Pro:desktop ribribble$ mkdir netCore
Ribs-MacBook-Pro:desktop ribribble$ pwd
/Users/ribribble/desktop
Ribs-MacBook-Pro:desktop ribribble$ cd DojoAssinments
-bash: cd: DojoAssinments: No such file or directory
Ribs-MacBook-Pro:desktop ribribble$ cd DojoAssignments
Ribs-MacBook-Pro:DojoAssignments ribribble$ ls
MEAN		Ruby		iOS
Python		WebFundamentals	netCore
Ribs-MacBook-Pro:DojoAssignments ribribble$ cd MEAN
Ribs-MacBook-Pro:MEAN ribribble$ touch about.txt
Ribs-MacBook-Pro:MEAN ribribble$ ls
about.txt
Ribs-MacBook-Pro:MEAN ribribble$ cd Python
-bash: cd: Python: No such file or directory
Ribs-MacBook-Pro:MEAN ribribble$ ls
about.txt
Ribs-MacBook-Pro:MEAN ribribble$ ls-l
-bash: ls-l: command not found
Ribs-MacBook-Pro:MEAN ribribble$ pwd
/Users/ribribble/desktop/DojoAssignments/MEAN
Ribs-MacBook-Pro:MEAN ribribble$ ls
about.txt
Ribs-MacBook-Pro:MEAN ribribble$  cd..
-bash: cd..: command not found
Ribs-MacBook-Pro:MEAN ribribble$ cd ..
Ribs-MacBook-Pro:DojoAssignments ribribble$ ls -l
total 0
drwxr-xr-x  3 ribribble  staff  102 Mar 17 18:35 MEAN
drwxr-xr-x  2 ribribble  staff   68 Mar 17 18:20 Python
drwxr-xr-x  2 ribribble  staff   68 Mar 17 18:20 Ruby
drwxr-xr-x  2 ribribble  staff   68 Mar 17 18:19 WebFundamentals
drwxr-xr-x  2 ribribble  staff   68 Mar 17 18:20 iOS
drwxr-xr-x  2 ribribble  staff   68 Mar 17 18:20 netCore
Ribs-MacBook-Pro:DojoAssignments ribribble$ cd Python
Ribs-MacBook-Pro:Python ribribble$ ls
Ribs-MacBook-Pro:Python ribribble$ touch about.txt
Ribs-MacBook-Pro:Python ribribble$ ls
about.txt
Ribs-MacBook-Pro:Python ribribble$ cd ..
Ribs-MacBook-Pro:DojoAssignments ribribble$ ls-l
-bash: ls-l: command not found
Ribs-MacBook-Pro:DojoAssignments ribribble$ ls
MEAN		Ruby		iOS
Python		WebFundamentals	netCore
Ribs-MacBook-Pro:DojoAssignments ribribble$ ls - l
ls: -: No such file or directory
ls: l: No such file or directory
Ribs-MacBook-Pro:DojoAssignments ribribble$ ls -l
total 0
drwxr-xr-x  3 ribribble  staff  102 Mar 17 18:35 MEAN
drwxr-xr-x  3 ribribble  staff  102 Mar 17 18:38 Python
drwxr-xr-x  2 ribribble  staff   68 Mar 17 18:20 Ruby
drwxr-xr-x  2 ribribble  staff   68 Mar 17 18:19 WebFundamentals
drwxr-xr-x  2 ribribble  staff   68 Mar 17 18:20 iOS
drwxr-xr-x  2 ribribble  staff   68 Mar 17 18:20 netCore
Ribs-MacBook-Pro:DojoAssignments ribribble$ cd Ruby
Ribs-MacBook-Pro:Ruby ribribble$ ls
Ribs-MacBook-Pro:Ruby ribribble$ ls -l
Ribs-MacBook-Pro:Ruby ribribble$ ls-l
-bash: ls-l: command not found
Ribs-MacBook-Pro:Ruby ribribble$ ls
Ribs-MacBook-Pro:Ruby ribribble$ touch about.txt
Ribs-MacBook-Pro:Ruby ribribble$ ls -l
total 0
-rw-r--r--  1 ribribble  staff  0 Mar 17 18:39 about.txt
Ribs-MacBook-Pro:Ruby ribribble$ ls
about.txt
Ribs-MacBook-Pro:Ruby ribribble$ cd WebFundamentals
-bash: cd: WebFundamentals: No such file or directory
Ribs-MacBook-Pro:Ruby ribribble$ ls
about.txt
Ribs-MacBook-Pro:Ruby ribribble$ ls -l
total 0
-rw-r--r--  1 ribribble  staff  0 Mar 17 18:39 about.txt
Ribs-MacBook-Pro:Ruby ribribble$ cd ..
Ribs-MacBook-Pro:DojoAssignments ribribble$ ls-l
-bash: ls-l: command not found
Ribs-MacBook-Pro:DojoAssignments ribribble$ ls -l
total 0
drwxr-xr-x  3 ribribble  staff  102 Mar 17 18:35 MEAN
drwxr-xr-x  3 ribribble  staff  102 Mar 17 18:38 Python
drwxr-xr-x  3 ribribble  staff  102 Mar 17 18:39 Ruby
drwxr-xr-x  2 ribribble  staff   68 Mar 17 18:19 WebFundamentals
drwxr-xr-x  2 ribribble  staff   68 Mar 17 18:20 iOS
drwxr-xr-x  2 ribribble  staff   68 Mar 17 18:20 netCore
Ribs-MacBook-Pro:DojoAssignments ribribble$ ls
MEAN		Ruby		iOS
Python		WebFundamentals	netCore
Ribs-MacBook-Pro:DojoAssignments ribribble$ cd iOS
Ribs-MacBook-Pro:iOS ribribble$ touch about.txt
Ribs-MacBook-Pro:iOS ribribble$ cd ..
Ribs-MacBook-Pro:DojoAssignments ribribble$ touch about.txt
Ribs-MacBook-Pro:DojoAssignments ribribble$ ls -l
total 0
drwxr-xr-x  3 ribribble  staff  102 Mar 17 18:35 MEAN
drwxr-xr-x  3 ribribble  staff  102 Mar 17 18:38 Python
drwxr-xr-x  3 ribribble  staff  102 Mar 17 18:39 Ruby
drwxr-xr-x  2 ribribble  staff   68 Mar 17 18:19 WebFundamentals
-rw-r--r--  1 ribribble  staff    0 Mar 17 19:57 about.txt
drwxr-xr-x  3 ribribble  staff  102 Mar 17 19:56 iOS
drwxr-xr-x  2 ribribble  staff   68 Mar 17 18:20 netCore
Ribs-MacBook-Pro:DojoAssignments ribribble$ ls
MEAN		Ruby		about.txt	netCore
Python		WebFundamentals	iOS
Ribs-MacBook-Pro:DojoAssignments ribribble$ ls -l
total 0
drwxr-xr-x  3 ribribble  staff  102 Mar 17 18:35 MEAN
drwxr-xr-x  3 ribribble  staff  102 Mar 17 18:38 Python
drwxr-xr-x  3 ribribble  staff  102 Mar 17 18:39 Ruby
drwxr-xr-x  2 ribribble  staff   68 Mar 17 18:19 WebFundamentals
-rw-r--r--  1 ribribble  staff    0 Mar 17 19:57 about.txt
drwxr-xr-x  3 ribribble  staff  102 Mar 17 19:56 iOS
drwxr-xr-x  2 ribribble  staff   68 Mar 17 18:20 netCore
Ribs-MacBook-Pro:DojoAssignments ribribble$ cd iOS
Ribs-MacBook-Pro:iOS ribribble$ ls
about.txt
Ribs-MacBook-Pro:iOS ribribble$ cd ..
Ribs-MacBook-Pro:DojoAssignments ribribble$ cd netCore
Ribs-MacBook-Pro:netCore ribribble$ ls
Ribs-MacBook-Pro:netCore ribribble$ touch about.txt
Ribs-MacBook-Pro:netCore ribribble$ ls
about.txt
Ribs-MacBook-Pro:netCore ribribble$ cd ..
Ribs-MacBook-Pro:DojoAssignments ribribble$ cd WebFundamentals
Ribs-MacBook-Pro:WebFundamentals ribribble$ ls
Ribs-MacBook-Pro:WebFundamentals ribribble$ touch about.txt
Ribs-MacBook-Pro:WebFundamentals ribribble$ ls
about.txt
Ribs-MacBook-Pro:WebFundamentals ribribble$ mkdir Git
Ribs-MacBook-Pro:WebFundamentals ribribble$ mkdir HTML
Ribs-MacBook-Pro:WebFundamentals ribribble$ ls
Git		HTML		about.txt
Ribs-MacBook-Pro:WebFundamentals ribribble$ mkdir CSS
Ribs-MacBook-Pro:WebFundamentals ribribble$ ls
CSS		Git		HTML		about.txt
Ribs-MacBook-Pro:WebFundamentals ribribble$ ls -l
total 0
drwxr-xr-x  2 ribribble  staff  68 Mar 17 20:12 CSS
drwxr-xr-x  2 ribribble  staff  68 Mar 17 20:10 Git
drwxr-xr-x  2 ribribble  staff  68 Mar 17 20:10 HTML
-rw-r--r--  1 ribribble  staff   0 Mar 17 20:09 about.txt
Ribs-MacBook-Pro:WebFundamentals ribribble$ mkdir Javascript
Ribs-MacBook-Pro:WebFundamentals ribribble$ ls -l
total 0
drwxr-xr-x  2 ribribble  staff  68 Mar 17 20:12 CSS
drwxr-xr-x  2 ribribble  staff  68 Mar 17 20:10 Git
drwxr-xr-x  2 ribribble  staff  68 Mar 17 20:10 HTML
drwxr-xr-x  2 ribribble  staff  68 Mar 17 20:13 Javascript
-rw-r--r--  1 ribribble  staff   0 Mar 17 20:09 about.txt
Ribs-MacBook-Pro:WebFundamentals ribribble$ ls
CSS		Git		HTML		Javascript	about.txt
Ribs-MacBook-Pro:WebFundamentals ribribble$ ls -l
total 0
drwxr-xr-x  2 ribribble  staff  68 Mar 17 20:12 CSS
drwxr-xr-x  2 ribribble  staff  68 Mar 17 20:10 Git
drwxr-xr-x  2 ribribble  staff  68 Mar 17 20:10 HTML
drwxr-xr-x  2 ribribble  staff  68 Mar 17 20:13 Javascript
-rw-r--r--  1 ribribble  staff   0 Mar 17 20:09 about.txt
Ribs-MacBook-Pro:WebFundamentals ribribble$ cd ..
Ribs-MacBook-Pro:DojoAssignments ribribble$ cd Webfundamentals
Ribs-MacBook-Pro:Webfundamentals ribribble$ ls -l
total 0
drwxr-xr-x  2 ribribble  staff  68 Mar 17 20:12 CSS
drwxr-xr-x  2 ribribble  staff  68 Mar 17 20:10 Git
drwxr-xr-x  2 ribribble  staff  68 Mar 17 20:10 HTML
drwxr-xr-x  2 ribribble  staff  68 Mar 17 20:13 Javascript
-rw-r--r--  1 ribribble  staff   0 Mar 17 20:09 about.txt
Ribs-MacBook-Pro:Webfundamentals ribribble$ cd HTML
Ribs-MacBook-Pro:HTML ribribble$ ls -l
Ribs-MacBook-Pro:HTML ribribble$ touch indentation.html
Ribs-MacBook-Pro:HTML ribribble$ ls -l
total 0
-rw-r--r--  1 ribribble  staff  0 Mar 17 20:16 indentation.html
Ribs-MacBook-Pro:HTML ribribble$ ls -l
total 0
-rw-r--r--  1 ribribble  staff  0 Mar 17 20:16 indentation.html
Ribs-MacBook-Pro:HTML ribribble$ ls
indentation.html
Ribs-MacBook-Pro:HTML ribribble$ cd ..
Ribs-MacBook-Pro:Webfundamentals ribribble$ cd ..
Ribs-MacBook-Pro:DojoAssignments ribribble$ dir/b/s
-bash: dir/b/s: No such file or directory
Ribs-MacBook-Pro:DojoAssignments ribribble$ dir /b /s
-bash: dir: command not found
Ribs-MacBook-Pro:DojoAssignments ribribble$ dir /b /s
-bash: dir: command not found
Ribs-MacBook-Pro:DojoAssignments ribribble$ dir /b /s 
-bash: dir: command not found
Ribs-MacBook-Pro:DojoAssignments ribribble$ ls -r
netCore		about.txt	Ruby		MEAN
iOS		WebFundamentals	Python
Ribs-MacBook-Pro:DojoAssignments ribribble$ commands
-bash: commands: command not found
Ribs-MacBook-Pro:DojoAssignments ribribble$ com
-bash: com: command not found
Ribs-MacBook-Pro:DojoAssignments ribribble$ terminal commands
-bash: terminal: command not found
Ribs-MacBook-Pro:DojoAssignments ribribble$ list
-bash: list: command not found
Ribs-MacBook-Pro:DojoAssignments ribribble$ ls -r
netCore		about.txt	Ruby		MEAN
iOS		WebFundamentals	Python
Ribs-MacBook-Pro:DojoAssignments ribribble$ cp ls-r
usage: cp [-R [-H | -L | -P]] [-fi | -n] [-apvX] source_file target_file
       cp [-R [-H | -L | -P]] [-fi | -n] [-apvX] source_file ... target_directory
Ribs-MacBook-Pro:DojoAssignments ribribble$ touch assignments.txt
Ribs-MacBook-Pro:DojoAssignments ribribble$ mv ls -r assignments.txt
usage: mv [-f | -i | -n] [-v] source target
       mv [-f | -i | -n] [-v] source ... directory
Ribs-MacBook-Pro:DojoAssignments ribribble$ ls -l
total 0
drwxr-xr-x  3 ribribble  staff  102 Mar 17 18:35 MEAN
drwxr-xr-x  3 ribribble  staff  102 Mar 17 18:38 Python
drwxr-xr-x  3 ribribble  staff  102 Mar 17 18:39 Ruby
drwxr-xr-x  7 ribribble  staff  238 Mar 17 20:13 WebFundamentals
-rw-r--r--  1 ribribble  staff    0 Mar 17 19:57 about.txt
-rw-r--r--  1 ribribble  staff    0 Mar 17 20:33 assignments.txt
drwxr-xr-x  3 ribribble  staff  102 Mar 17 19:56 iOS
drwxr-xr-x  3 ribribble  staff  102 Mar 17 20:06 netCore
Ribs-MacBook-Pro:DojoAssignments ribribble$ cd assignments.txt
-bash: cd: assignments.txt: Not a directory
Ribs-MacBook-Pro:DojoAssignments ribribble$ cd assignments.txt
-bash: cd: assignments.txt: Not a directory
Ribs-MacBook-Pro:DojoAssignments ribribble$ pwd
/Users/ribribble/desktop/DojoAssignments
Ribs-MacBook-Pro:DojoAssignments ribribble$ cd assignments.txt
-bash: cd: assignments.txt: Not a directory
Ribs-MacBook-Pro:DojoAssignments ribribble$ cd ..
Ribs-MacBook-Pro:desktop ribribble$ cd ..
Ribs-MacBook-Pro:~ ribribble$ cd ..
Ribs-MacBook-Pro:Users ribribble$ pwd
/Users
Ribs-MacBook-Pro:Users ribribble$ cd ..
Ribs-MacBook-Pro:/ ribribble$ ls
Applications			etc
Library				home
Network				installer.failurerequests
System				net
Users				private
Volumes				sbin
bin				tmp
cores				usr
dev				var
Ribs-MacBook-Pro:/ ribribble$ cd ..
Ribs-MacBook-Pro:/ ribribble$ ls
Applications			etc
Library				home
Network				installer.failurerequests
System				net
Users				private
Volumes				sbin
bin				tmp
cores				usr
dev				var
Ribs-MacBook-Pro:/ ribribble$ git
usage: git [--version] [--help] [-C <path>] [-c name=value]
           [--exec-path[=<path>]] [--html-path] [--man-path] [--info-path]
           [-p | --paginate | --no-pager] [--no-replace-objects] [--bare]
           [--git-dir=<path>] [--work-tree=<path>] [--namespace=<name>]
           <command> [<args>]

These are common Git commands used in various situations:

start a working area (see also: git help tutorial)
   clone      Clone a repository into a new directory
   init       Create an empty Git repository or reinitialize an existing one

work on the current change (see also: git help everyday)
   add        Add file contents to the index
   mv         Move or rename a file, a directory, or a symlink
   reset      Reset current HEAD to the specified state
   rm         Remove files from the working tree and from the index

examine the history and state (see also: git help revisions)
   bisect     Use binary search to find the commit that introduced a bug
   grep       Print lines matching a pattern
   log        Show commit logs
   show       Show various types of objects
   status     Show the working tree status

grow, mark and tweak your common history
   branch     List, create, or delete branches
   checkout   Switch branches or restore working tree files
   commit     Record changes to the repository
   diff       Show changes between commits, commit and working tree, etc
   merge      Join two or more development histories together
   rebase     Reapply commits on top of another base tip
   tag        Create, list, delete or verify a tag object signed with GPG

collaborate (see also: git help workflows)
   fetch      Download objects and refs from another repository
   pull       Fetch from and integrate with another repository or a local branch
   push       Update remote refs along with associated objects

'git help -a' and 'git help -g' list available subcommands and some
concept guides. See 'git help <command>' or 'git help <concept>'
to read about a specific subcommand or concept.
Ribs-MacBook-Pro:/ ribribble$ git config --global user.name "Your Name"
Ribs-MacBook-Pro:/ ribribble$ ls
Applications			etc
Library				home
Network				installer.failurerequests
System				net
Users				private
Volumes				sbin
bin				tmp
cores				usr
dev				var
Ribs-MacBook-Pro:/ ribribble$ git config --global ueser.name "Rib"
Ribs-MacBook-Pro:/ ribribble$ git config --global user_rib@gmail.com
error: invalid key: user_rib@gmail.com
Ribs-MacBook-Pro:/ ribribble$ config --global user.email rib@gmail.com
-bash: config: command not found
Ribs-MacBook-Pro:/ ribribble$ git config --global --list
user.name=Your Name
ueser.name=Rib
Ribs-MacBook-Pro:/ ribribble$ git init
/.git: Permission denied
Ribs-MacBook-Pro:/ ribribble$ sudo git init
Password:
Sorry, try again.
Password:
Sorry, try again.
Password:
sudo: 3 incorrect password attempts
Ribs-MacBook-Pro:/ ribribble$ Lord1isJ
-bash: Lord1isJ: command not found
Ribs-MacBook-Pro:/ ribribble$ 
Ribs-MacBook-Pro:/ ribribble$ 
Ribs-MacBook-Pro:/ ribribble$ 
Ribs-MacBook-Pro:/ ribribble$ 
Ribs-MacBook-Pro:/ ribribble$ 
Ribs-MacBook-Pro:/ ribribble$ clear

Ribs-MacBook-Pro:/ ribribble$ ls -l
total 45
drwxrwxr-x+ 53 root  admin  1802 Mar 16 20:47 Applications
drwxr-xr-x+ 59 root  wheel  2006 Mar  6 09:13 Library
drwxr-xr-x@  2 root  wheel    68 Jul 30  2016 Network
drwxr-xr-x@  4 root  wheel   136 Mar  6 09:16 System
drwxr-xr-x   6 root  admin   204 Mar  8 08:29 Users
drwxr-xr-x@  4 root  wheel   136 Mar 14 17:11 Volumes
drwxr-xr-x@ 38 root  wheel  1292 Mar  6 09:16 bin
drwxrwxr-t@  2 root  admin    68 Jul 30  2016 cores
dr-xr-xr-x   3 root  wheel  4217 Mar 10 09:10 dev
lrwxr-xr-x@  1 root  wheel    11 Sep 13  2016 etc -> private/etc
dr-xr-xr-x   2 root  wheel     1 Mar 16 19:52 home
-rw-r--r--@  1 root  wheel   313 Jul 30  2016 installer.failurerequests
dr-xr-xr-x   2 root  wheel     1 Mar 16 19:52 net
drwxr-xr-x@  6 root  wheel   204 Sep 13  2016 private
drwxr-xr-x@ 63 root  wheel  2142 Mar  6 09:16 sbin
lrwxr-xr-x@  1 root  wheel    11 Sep 13  2016 tmp -> private/tmp
drwxr-xr-x@ 10 root  wheel   340 Mar  6 09:15 usr
lrwxr-xr-x@  1 root  wheel    11 Sep 13  2016 var -> private/var
Ribs-MacBook-Pro:/ ribribble$ git init
/.git: Permission denied
Ribs-MacBook-Pro:/ ribribble$ ls -l
total 45
drwxrwxr-x+ 53 root  admin  1802 Mar 16 20:47 Applications
drwxr-xr-x+ 59 root  wheel  2006 Mar  6 09:13 Library
drwxr-xr-x@  2 root  wheel    68 Jul 30  2016 Network
drwxr-xr-x@  4 root  wheel   136 Mar  6 09:16 System
drwxr-xr-x   6 root  admin   204 Mar  8 08:29 Users
drwxr-xr-x@  4 root  wheel   136 Mar 14 17:11 Volumes
drwxr-xr-x@ 38 root  wheel  1292 Mar  6 09:16 bin
drwxrwxr-t@  2 root  admin    68 Jul 30  2016 cores
dr-xr-xr-x   3 root  wheel  4217 Mar 10 09:10 dev
lrwxr-xr-x@  1 root  wheel    11 Sep 13  2016 etc -> private/etc
dr-xr-xr-x   2 root  wheel     1 Mar 16 19:52 home
-rw-r--r--@  1 root  wheel   313 Jul 30  2016 installer.failurerequests
dr-xr-xr-x   2 root  wheel     1 Mar 16 19:52 net
drwxr-xr-x@  6 root  wheel   204 Sep 13  2016 private
drwxr-xr-x@ 63 root  wheel  2142 Mar  6 09:16 sbin
lrwxr-xr-x@  1 root  wheel    11 Sep 13  2016 tmp -> private/tmp
drwxr-xr-x@ 10 root  wheel   340 Mar  6 09:15 usr
lrwxr-xr-x@  1 root  wheel    11 Sep 13  2016 var -> private/var
Ribs-MacBook-Pro:/ ribribble$ pwd
/
Ribs-MacBook-Pro:/ ribribble$ cd desktop
-bash: cd: desktop: No such file or directory
Ribs-MacBook-Pro:/ ribribble$ ls
Applications			etc
Library				home
Network				installer.failurerequests
System				net
Users				private
Volumes				sbin
bin				tmp
cores				usr
dev				var
Ribs-MacBook-Pro:/ ribribble$ cd ..
Ribs-MacBook-Pro:/ ribribble$ cd desktop
-bash: cd: desktop: No such file or directory
Ribs-MacBook-Pro:/ ribribble$ cd users
Ribs-MacBook-Pro:users ribribble$ ls
Guest		Shared		ribribble
Ribs-MacBook-Pro:users ribribble$ cd ribribble/
Ribs-MacBook-Pro:ribribble ribribble$ ls
Applications		Library			Public
Desktop			Movies			iCloud Drive (Archive)
Documents		Music			moveOutForm.pdf
Downloads		Pictures
Ribs-MacBook-Pro:ribribble ribribble$ cd desktop
Ribs-MacBook-Pro:desktop ribribble$ ls
Assignments
CARREER
DojoAssignments
Screen Shot 2017-03-17 at 8.44.39 PM (2).png
Screen Shot 2017-03-17 at 8.44.39 PM.png
Screen Shot 2017-03-17 at 8.44.42 PM (2).png
Screen Shot 2017-03-17 at 8.44.42 PM.png
Screen Shot 2017-03-17 at 8.44.53 PM (2).png
Screen Shot 2017-03-17 at 8.44.53 PM.png
dojo_arena_photos-master
survey
Ribs-MacBook-Pro:desktop ribribble$ cd DojoAssignments
Ribs-MacBook-Pro:DojoAssignments ribribble$ ls
MEAN		Ruby		about.txt	iOS
Python		WebFundamentals	assignments.txt	netCore
Ribs-MacBook-Pro:DojoAssignments ribribble$ git init
Initialized empty Git repository in /Users/ribribble/Desktop/DojoAssignments/.git/
Ribs-MacBook-Pro:DojoAssignments ribribble$ git add
Nothing specified, nothing added.
Maybe you wanted to say 'git add .'?
Ribs-MacBook-Pro:DojoAssignments ribribble$ git add .
Ribs-MacBook-Pro:DojoAssignments ribribble$ git commit -m "1st Commit"
[master (root-commit) 80c5e68] 1st Commit
 Committer: Your Name <ribribble@Ribs-MacBook-Pro.local>
Your name and email address were configured automatically based
on your username and hostname. Please check that they are accurate.
You can suppress this message by setting them explicitly:

    git config --global user.name "Your Name"
    git config --global user.email you@example.com

After doing this, you may fix the identity used for this commit with:

    git commit --amend --reset-author

 9 files changed, 3 insertions(+)
 create mode 100644 MEAN/about.txt
 create mode 100644 Python/about.txt
 create mode 100644 Ruby/about.txt
 create mode 100644 WebFundamentals/HTML/indentation.html
 create mode 100644 WebFundamentals/about.txt
 create mode 100644 about.txt
 create mode 100644 assignments.txt
 create mode 100644 iOS/about.txt
 create mode 100644 netCore/about.txt
Ribs-MacBook-Pro:DojoAssignments ribribble$ git status
On branch master
nothing to commit, working tree clean
Ribs-MacBook-Pro:DojoAssignments ribribble$ git diff
Ribs-MacBook-Pro:DojoAssignments ribribble$ git log
commit 80c5e681ce6053b9bf7a6277c364738910220007
Author: Your Name <ribribble@Ribs-MacBook-Pro.local>
Date:   Fri Mar 17 22:10:53 2017 -0500

    1st Commit
Ribs-MacBook-Pro:DojoAssignments ribribble$ git commit --amend --reset-author
[master 13c0120] 1st Commit
 Committer: Your Name <ribribble@Ribs-MacBook-Pro.local>
Your name and email address were configured automatically based
on your username and hostname. Please check that they are accurate.
You can suppress this message by setting them explicitly:

    git config --global user.name "Your Name"
    git config --global user.email you@example.com

After doing this, you may fix the identity used for this commit with:

    git commit --amend --reset-author

 9 files changed, 3 insertions(+)
 create mode 100644 MEAN/about.txt
 create mode 100644 Python/about.txt
 create mode 100644 Ruby/about.txt
 create mode 100644 WebFundamentals/HTML/indentation.html
 create mode 100644 WebFundamentals/about.txt
 create mode 100644 about.txt
 create mode 100644 assignments.txt
 create mode 100644 iOS/about.txt
 create mode 100644 netCore/about.txt
Ribs-MacBook-Pro:DojoAssignments ribribble$ git blame
usage: git blame [<options>] [<rev-opts>] [<rev>] [--] <file>

    <rev-opts> are documented in git-rev-list(1)

    --incremental         Show blame entries as we find them, incrementally
    -b                    Show blank SHA-1 for boundary commits (Default: off)
    --root                Do not treat root commits as boundaries (Default: off)
    --show-stats          Show work cost statistics
    --progress            Force progress reporting
    --score-debug         Show output score for blame entries
    -f, --show-name       Show original filename (Default: auto)
    -n, --show-number     Show original linenumber (Default: off)
    -p, --porcelain       Show in a format designed for machine consumption
    --line-porcelain      Show porcelain format with per-line commit information
    -c                    Use the same output mode as git-annotate (Default: off)
    -t                    Show raw timestamp (Default: off)
    -l                    Show long commit SHA1 (Default: off)
    -s                    Suppress author name and timestamp (Default: off)
    -e, --show-email      Show author email instead of name (Default: off)
    -w                    Ignore whitespace differences
    --minimal             Spend extra cycles to find better match
    -S <file>             Use revisions from <file> instead of calling git-rev-list
    --contents <file>     Use <file>'s contents as the final image
    -C[<score>]           Find line copies within and across files
    -M[<score>]           Find line movements within and across files
    -L <n,m>              Process only line range n,m, counting from 1
    --abbrev[=<n>]        use <n> digits to display SHA-1s

Ribs-MacBook-Pro:DojoAssignments ribribble$ git branch
* master
Ribs-MacBook-Pro:DojoAssignments ribribble$ mkdir new_project
Ribs-MacBook-Pro:DojoAssignments ribribble$ ls
MEAN		Ruby		about.txt	iOS		new_project
Python		WebFundamentals	assignments.txt	netCore
Ribs-MacBook-Pro:DojoAssignments ribribble$ cd new_project
Ribs-MacBook-Pro:new_project ribribble$ git init
Initialized empty Git repository in /Users/ribribble/Desktop/DojoAssignments/new_project/.git/
Ribs-MacBook-Pro:new_project ribribble$ touch aboutMe.txt
Ribs-MacBook-Pro:new_project ribribble$ git status
On branch master

Initial commit

Untracked files:
  (use "git add <file>..." to include in what will be committed)

	aboutMe.txt

nothing added to commit but untracked files present (use "git add" to track)
Ribs-MacBook-Pro:new_project ribribble$ git add aboutMe.txt
Ribs-MacBook-Pro:new_project ribribble$ git commit -m "aboutMe.txt added"
[master (root-commit) e4948e7] aboutMe.txt added
 Committer: Your Name <ribribble@Ribs-MacBook-Pro.local>
Your name and email address were configured automatically based
on your username and hostname. Please check that they are accurate.
You can suppress this message by setting them explicitly:

    git config --global user.name "Your Name"
    git config --global user.email you@example.com

After doing this, you may fix the identity used for this commit with:

    git commit --amend --reset-author

 1 file changed, 3 insertions(+)
 create mode 100644 aboutMe.txt
Ribs-MacBook-Pro:new_project ribribble$ git log
commit e4948e7dd724d09e5ef93a41de11c9fc93b83cd3
Author: Your Name <ribribble@Ribs-MacBook-Pro.local>
Date:   Fri Mar 17 22:53:02 2017 -0500

    aboutMe.txt added
Ribs-MacBook-Pro:new_project ribribble$ ls
aboutMe.txt
Ribs-MacBook-Pro:new_project ribribble$ git status
On branch master
Changes not staged for commit:
  (use "git add <file>..." to update what will be committed)
  (use "git checkout -- <file>..." to discard changes in working directory)

	modified:   aboutMe.txt

no changes added to commit (use "git add" and/or "git commit -a")
Ribs-MacBook-Pro:new_project ribribble$ git add aboutMe.txt
Ribs-MacBook-Pro:new_project ribribble$ git status
On branch master
Changes to be committed:
  (use "git reset HEAD <file>..." to unstage)

	modified:   aboutMe.txt

Ribs-MacBook-Pro:new_project ribribble$ git commit -m"added favorite quote"
[master 0fd2be1] added favorite quote
 Committer: Your Name <ribribble@Ribs-MacBook-Pro.local>
Your name and email address were configured automatically based
on your username and hostname. Please check that they are accurate.
You can suppress this message by setting them explicitly:

    git config --global user.name "Your Name"
    git config --global user.email you@example.com

After doing this, you may fix the identity used for this commit with:

    git commit --amend --reset-author

 1 file changed, 3 insertions(+), 1 deletion(-)
Ribs-MacBook-Pro:new_project ribribble$ git log
commit 0fd2be18321ffb0dadaef93991d0cde9569e7fcc
Author: Your Name <ribribble@Ribs-MacBook-Pro.local>
Date:   Fri Mar 17 23:03:18 2017 -0500

    added favorite quote

commit e4948e7dd724d09e5ef93a41de11c9fc93b83cd3
Author: Your Name <ribribble@Ribs-MacBook-Pro.local>
Date:   Fri Mar 17 22:53:02 2017 -0500

    aboutMe.txt added
Ribs-MacBook-Pro:new_project ribribble$ git diff --stat
Ribs-MacBook-Pro:new_project ribribble$ git diff
Ribs-MacBook-Pro:new_project ribribble$ git diff --stat e4948e7dd724d09e5ef93a41de11c9fc93b83cd3
 aboutMe.txt | 4 +++-
 1 file changed, 3 insertions(+), 1 deletion(-)
Ribs-MacBook-Pro:new_project ribribble$ git revert -n HEAD
Ribs-MacBook-Pro:new_project ribribble$ git status
On branch master
You are currently reverting commit 0fd2be1.
  (all conflicts fixed: run "git revert --continue")
  (use "git revert --abort" to cancel the revert operation)

Changes to be committed:
  (use "git reset HEAD <file>..." to unstage)

	modified:   aboutMe.txt

Ribs-MacBook-Pro:new_project ribribble$ git reset <commit hash> --hard
-bash: commit: No such file or directory
Ribs-MacBook-Pro:new_project ribribble$ ls
aboutMe.txt
Ribs-MacBook-Pro:new_project ribribble$ mkdir assignment1
Ribs-MacBook-Pro:new_project ribribble$ ls
aboutMe.txt	assignment1
Ribs-MacBook-Pro:new_project ribribble$ git init
Reinitialized existing Git repository in /Users/ribribble/Desktop/DojoAssignments/new_project/.git/
Ribs-MacBook-Pro:new_project ribribble$ touch readme.txt
Ribs-MacBook-Pro:new_project ribribble$ touch index.html
Ribs-MacBook-Pro:new_project ribribble$ touch main.css
Ribs-MacBook-Pro:new_project ribribble$  vi index.html


Hello World

~                                                                                         
~                                                                                         
~                                                                                         
~                                                                                         
~                                                                                         
~                                                                                         
~                                                                                         
~                                                                                         
~                                                                                         
~                                                                                         
~                                                                                         
~                                                                                         
~                                                                                         
~                                                                                         
~                                                                                         
~                                                                                         
~                                                                                         
~                                                                                         
~                                                                                         
~                                                                                         
~                                                                                         
~                                                                                         
~                                                                                         
~                                                                                         
~                                                                                         
~                                                                                         
~                                                                                         
~                                                                                         
~                                                                                         
~                                                                                         
~                                                                                         
~                                                                                         
~                                                                                         
~                                                                                         
~                                                                                         
~                                                                                         
~                                                                                         
~                                                                                         
~                                                                                         
~                                                                                         
~                                                                                         
~                                                                                         
~                                                                                         
~                                                                                         
~                                                                                         
~                                                                                         
~                                                                                         
~                                                                                         
~                                                                                         
-- INSERT -- 
